MPLINK 5.09, LINKER
Linker Map File - Created Fri Mar 22 03:38:42 2024

                                 Section Info
                  Section       Type    Address   Location Size(Bytes)
                ---------  ---------  ---------  ---------  ---------
                   .org_0       code   0x000000    program   0x0007a0
                   .cinit    romdata   0x0003d0    program   0x000004
.config_2007_BUILD/DEFAULT/PRODUCTION/DIGITAL       code   0x002007    program   0x000002



                              Program Memory Usage 
                               Start         End      
                           ---------   ---------      
                            0x000000    0x0003d1      
                            0x002007    0x002007      
            979 out of 1094 program addresses used, program memory utilization is 89%



                              Symbols - Sorted by Name
                     Name    Address   Location    Storage File                     
                ---------  ---------  ---------  --------- ---------                
             _.org_0_0113   0x000113    program     static C:\Users\cp2150\OneDrive - University of Bath\Documents\EE10140 - Microprocessors\MplabProjects\DigitalLock.X\DigitalLockCode.asm
             _.org_0_037A   0x00037a    program     static C:\Users\cp2150\OneDrive - University of Bath\Documents\EE10140 - Microprocessors\MplabProjects\DigitalLock.X\DigitalLockCode.asm
              check_input   0x000118    program     static C:\Users\cp2150\OneDrive - University of Bath\Documents\EE10140 - Microprocessors\MplabProjects\DigitalLock.X\DigitalLockCode.asm
         check_mastercode   0x00037c    program     static C:\Users\cp2150\OneDrive - University of Bath\Documents\EE10140 - Microprocessors\MplabProjects\DigitalLock.X\DigitalLockCode.asm
             check_unlock   0x00033c    program     static C:\Users\cp2150\OneDrive - University of Bath\Documents\EE10140 - Microprocessors\MplabProjects\DigitalLock.X\DigitalLockCode.asm
 check_usercode_in_eeprom   0x0000e4    program     static C:\Users\cp2150\OneDrive - University of Bath\Documents\EE10140 - Microprocessors\MplabProjects\DigitalLock.X\DigitalLockCode.asm
           compare_inputs   0x0003b5    program     static C:\Users\cp2150\OneDrive - University of Bath\Documents\EE10140 - Microprocessors\MplabProjects\DigitalLock.X\DigitalLockCode.asm
                 delay_1s   0x0000c1    program     static C:\Users\cp2150\OneDrive - University of Bath\Documents\EE10140 - Microprocessors\MplabProjects\DigitalLock.X\DigitalLockCode.asm
                delay_20s   0x0000cc    program     static C:\Users\cp2150\OneDrive - University of Bath\Documents\EE10140 - Microprocessors\MplabProjects\DigitalLock.X\DigitalLockCode.asm
              delay_250ms   0x0000b4    program     static C:\Users\cp2150\OneDrive - University of Bath\Documents\EE10140 - Microprocessors\MplabProjects\DigitalLock.X\DigitalLockCode.asm
         delay_250ms_loop   0x0000ba    program     static C:\Users\cp2150\OneDrive - University of Bath\Documents\EE10140 - Microprocessors\MplabProjects\DigitalLock.X\DigitalLockCode.asm
                 delay_5s   0x0000c6    program     static C:\Users\cp2150\OneDrive - University of Bath\Documents\EE10140 - Microprocessors\MplabProjects\DigitalLock.X\DigitalLockCode.asm
               delay_loop   0x0000af    program     static C:\Users\cp2150\OneDrive - University of Bath\Documents\EE10140 - Microprocessors\MplabProjects\DigitalLock.X\DigitalLockCode.asm
            delay_pitch_A   0x00009b    program     static C:\Users\cp2150\OneDrive - University of Bath\Documents\EE10140 - Microprocessors\MplabProjects\DigitalLock.X\DigitalLockCode.asm
            delay_pitch_B   0x0000a0    program     static C:\Users\cp2150\OneDrive - University of Bath\Documents\EE10140 - Microprocessors\MplabProjects\DigitalLock.X\DigitalLockCode.asm
            delay_pitch_C   0x0000a5    program     static C:\Users\cp2150\OneDrive - University of Bath\Documents\EE10140 - Microprocessors\MplabProjects\DigitalLock.X\DigitalLockCode.asm
            delay_pitch_D   0x0000aa    program     static C:\Users\cp2150\OneDrive - University of Bath\Documents\EE10140 - Microprocessors\MplabProjects\DigitalLock.X\DigitalLockCode.asm
              display_led   0x000078    program     static C:\Users\cp2150\OneDrive - University of Bath\Documents\EE10140 - Microprocessors\MplabProjects\DigitalLock.X\DigitalLockCode.asm
            failed_to_set   0x0003cd    program     static C:\Users\cp2150\OneDrive - University of Bath\Documents\EE10140 - Microprocessors\MplabProjects\DigitalLock.X\DigitalLockCode.asm
               locked_out   0x000073    program     static C:\Users\cp2150\OneDrive - University of Bath\Documents\EE10140 - Microprocessors\MplabProjects\DigitalLock.X\DigitalLockCode.asm
                not_state   0x000066    program     static C:\Users\cp2150\OneDrive - University of Bath\Documents\EE10140 - Microprocessors\MplabProjects\DigitalLock.X\DigitalLockCode.asm
             reset_inputs   0x000395    program     static C:\Users\cp2150\OneDrive - University of Bath\Documents\EE10140 - Microprocessors\MplabProjects\DigitalLock.X\DigitalLockCode.asm
                set_eight   0x00025c    program     static C:\Users\cp2150\OneDrive - University of Bath\Documents\EE10140 - Microprocessors\MplabProjects\DigitalLock.X\DigitalLockCode.asm
                 set_five   0x0001e1    program     static C:\Users\cp2150\OneDrive - University of Bath\Documents\EE10140 - Microprocessors\MplabProjects\DigitalLock.X\DigitalLockCode.asm
                 set_four   0x0001b8    program     static C:\Users\cp2150\OneDrive - University of Bath\Documents\EE10140 - Microprocessors\MplabProjects\DigitalLock.X\DigitalLockCode.asm
                 set_hash   0x000308    program     static C:\Users\cp2150\OneDrive - University of Bath\Documents\EE10140 - Microprocessors\MplabProjects\DigitalLock.X\DigitalLockCode.asm
       set_input1_to_hash   0x000332    program     static C:\Users\cp2150\OneDrive - University of Bath\Documents\EE10140 - Microprocessors\MplabProjects\DigitalLock.X\DigitalLockCode.asm
       set_input1_to_star   0x0002d8    program     static C:\Users\cp2150\OneDrive - University of Bath\Documents\EE10140 - Microprocessors\MplabProjects\DigitalLock.X\DigitalLockCode.asm
      set_input2_to_eight   0x000269    program     static C:\Users\cp2150\OneDrive - University of Bath\Documents\EE10140 - Microprocessors\MplabProjects\DigitalLock.X\DigitalLockCode.asm
       set_input2_to_five   0x0001ee    program     static C:\Users\cp2150\OneDrive - University of Bath\Documents\EE10140 - Microprocessors\MplabProjects\DigitalLock.X\DigitalLockCode.asm
       set_input2_to_four   0x0001c5    program     static C:\Users\cp2150\OneDrive - University of Bath\Documents\EE10140 - Microprocessors\MplabProjects\DigitalLock.X\DigitalLockCode.asm
       set_input2_to_hash   0x000316    program     static C:\Users\cp2150\OneDrive - University of Bath\Documents\EE10140 - Microprocessors\MplabProjects\DigitalLock.X\DigitalLockCode.asm
       set_input2_to_nine   0x000292    program     static C:\Users\cp2150\OneDrive - University of Bath\Documents\EE10140 - Microprocessors\MplabProjects\DigitalLock.X\DigitalLockCode.asm
        set_input2_to_one   0x00014a    program     static C:\Users\cp2150\OneDrive - University of Bath\Documents\EE10140 - Microprocessors\MplabProjects\DigitalLock.X\DigitalLockCode.asm
      set_input2_to_seven   0x000240    program     static C:\Users\cp2150\OneDrive - University of Bath\Documents\EE10140 - Microprocessors\MplabProjects\DigitalLock.X\DigitalLockCode.asm
        set_input2_to_six   0x000217    program     static C:\Users\cp2150\OneDrive - University of Bath\Documents\EE10140 - Microprocessors\MplabProjects\DigitalLock.X\DigitalLockCode.asm
       set_input2_to_star   0x0002bc    program     static C:\Users\cp2150\OneDrive - University of Bath\Documents\EE10140 - Microprocessors\MplabProjects\DigitalLock.X\DigitalLockCode.asm
      set_input2_to_three   0x00019c    program     static C:\Users\cp2150\OneDrive - University of Bath\Documents\EE10140 - Microprocessors\MplabProjects\DigitalLock.X\DigitalLockCode.asm
        set_input2_to_two   0x000173    program     static C:\Users\cp2150\OneDrive - University of Bath\Documents\EE10140 - Microprocessors\MplabProjects\DigitalLock.X\DigitalLockCode.asm
       set_input2_to_zero   0x0002ec    program     static C:\Users\cp2150\OneDrive - University of Bath\Documents\EE10140 - Microprocessors\MplabProjects\DigitalLock.X\DigitalLockCode.asm
      set_input3_to_eight   0x000270    program     static C:\Users\cp2150\OneDrive - University of Bath\Documents\EE10140 - Microprocessors\MplabProjects\DigitalLock.X\DigitalLockCode.asm
       set_input3_to_five   0x0001f5    program     static C:\Users\cp2150\OneDrive - University of Bath\Documents\EE10140 - Microprocessors\MplabProjects\DigitalLock.X\DigitalLockCode.asm
       set_input3_to_four   0x0001cc    program     static C:\Users\cp2150\OneDrive - University of Bath\Documents\EE10140 - Microprocessors\MplabProjects\DigitalLock.X\DigitalLockCode.asm
       set_input3_to_hash   0x00031d    program     static C:\Users\cp2150\OneDrive - University of Bath\Documents\EE10140 - Microprocessors\MplabProjects\DigitalLock.X\DigitalLockCode.asm
       set_input3_to_nine   0x000299    program     static C:\Users\cp2150\OneDrive - University of Bath\Documents\EE10140 - Microprocessors\MplabProjects\DigitalLock.X\DigitalLockCode.asm
        set_input3_to_one   0x000151    program     static C:\Users\cp2150\OneDrive - University of Bath\Documents\EE10140 - Microprocessors\MplabProjects\DigitalLock.X\DigitalLockCode.asm
      set_input3_to_seven   0x000247    program     static C:\Users\cp2150\OneDrive - University of Bath\Documents\EE10140 - Microprocessors\MplabProjects\DigitalLock.X\DigitalLockCode.asm
        set_input3_to_six   0x00021e    program     static C:\Users\cp2150\OneDrive - University of Bath\Documents\EE10140 - Microprocessors\MplabProjects\DigitalLock.X\DigitalLockCode.asm
       set_input3_to_star   0x0002c3    program     static C:\Users\cp2150\OneDrive - University of Bath\Documents\EE10140 - Microprocessors\MplabProjects\DigitalLock.X\DigitalLockCode.asm
      set_input3_to_three   0x0001a3    program     static C:\Users\cp2150\OneDrive - University of Bath\Documents\EE10140 - Microprocessors\MplabProjects\DigitalLock.X\DigitalLockCode.asm
        set_input3_to_two   0x00017a    program     static C:\Users\cp2150\OneDrive - University of Bath\Documents\EE10140 - Microprocessors\MplabProjects\DigitalLock.X\DigitalLockCode.asm
       set_input3_to_zero   0x0002f3    program     static C:\Users\cp2150\OneDrive - University of Bath\Documents\EE10140 - Microprocessors\MplabProjects\DigitalLock.X\DigitalLockCode.asm
      set_input4_to_eight   0x000277    program     static C:\Users\cp2150\OneDrive - University of Bath\Documents\EE10140 - Microprocessors\MplabProjects\DigitalLock.X\DigitalLockCode.asm
       set_input4_to_five   0x0001fc    program     static C:\Users\cp2150\OneDrive - University of Bath\Documents\EE10140 - Microprocessors\MplabProjects\DigitalLock.X\DigitalLockCode.asm
       set_input4_to_four   0x0001d3    program     static C:\Users\cp2150\OneDrive - University of Bath\Documents\EE10140 - Microprocessors\MplabProjects\DigitalLock.X\DigitalLockCode.asm
       set_input4_to_hash   0x000324    program     static C:\Users\cp2150\OneDrive - University of Bath\Documents\EE10140 - Microprocessors\MplabProjects\DigitalLock.X\DigitalLockCode.asm
       set_input4_to_nine   0x0002a0    program     static C:\Users\cp2150\OneDrive - University of Bath\Documents\EE10140 - Microprocessors\MplabProjects\DigitalLock.X\DigitalLockCode.asm
        set_input4_to_one   0x000158    program     static C:\Users\cp2150\OneDrive - University of Bath\Documents\EE10140 - Microprocessors\MplabProjects\DigitalLock.X\DigitalLockCode.asm
      set_input4_to_seven   0x00024e    program     static C:\Users\cp2150\OneDrive - University of Bath\Documents\EE10140 - Microprocessors\MplabProjects\DigitalLock.X\DigitalLockCode.asm
        set_input4_to_six   0x000225    program     static C:\Users\cp2150\OneDrive - University of Bath\Documents\EE10140 - Microprocessors\MplabProjects\DigitalLock.X\DigitalLockCode.asm
       set_input4_to_star   0x0002ca    program     static C:\Users\cp2150\OneDrive - University of Bath\Documents\EE10140 - Microprocessors\MplabProjects\DigitalLock.X\DigitalLockCode.asm
      set_input4_to_three   0x0001aa    program     static C:\Users\cp2150\OneDrive - University of Bath\Documents\EE10140 - Microprocessors\MplabProjects\DigitalLock.X\DigitalLockCode.asm
        set_input4_to_two   0x000181    program     static C:\Users\cp2150\OneDrive - University of Bath\Documents\EE10140 - Microprocessors\MplabProjects\DigitalLock.X\DigitalLockCode.asm
       set_input4_to_zero   0x0002fa    program     static C:\Users\cp2150\OneDrive - University of Bath\Documents\EE10140 - Microprocessors\MplabProjects\DigitalLock.X\DigitalLockCode.asm
      set_input5_to_eight   0x00027e    program     static C:\Users\cp2150\OneDrive - University of Bath\Documents\EE10140 - Microprocessors\MplabProjects\DigitalLock.X\DigitalLockCode.asm
       set_input5_to_five   0x000203    program     static C:\Users\cp2150\OneDrive - University of Bath\Documents\EE10140 - Microprocessors\MplabProjects\DigitalLock.X\DigitalLockCode.asm
       set_input5_to_four   0x0001da    program     static C:\Users\cp2150\OneDrive - University of Bath\Documents\EE10140 - Microprocessors\MplabProjects\DigitalLock.X\DigitalLockCode.asm
       set_input5_to_hash   0x00032b    program     static C:\Users\cp2150\OneDrive - University of Bath\Documents\EE10140 - Microprocessors\MplabProjects\DigitalLock.X\DigitalLockCode.asm
       set_input5_to_nine   0x0002a7    program     static C:\Users\cp2150\OneDrive - University of Bath\Documents\EE10140 - Microprocessors\MplabProjects\DigitalLock.X\DigitalLockCode.asm
        set_input5_to_one   0x00015f    program     static C:\Users\cp2150\OneDrive - University of Bath\Documents\EE10140 - Microprocessors\MplabProjects\DigitalLock.X\DigitalLockCode.asm
      set_input5_to_seven   0x000255    program     static C:\Users\cp2150\OneDrive - University of Bath\Documents\EE10140 - Microprocessors\MplabProjects\DigitalLock.X\DigitalLockCode.asm
        set_input5_to_six   0x00022c    program     static C:\Users\cp2150\OneDrive - University of Bath\Documents\EE10140 - Microprocessors\MplabProjects\DigitalLock.X\DigitalLockCode.asm
       set_input5_to_star   0x0002d1    program     static C:\Users\cp2150\OneDrive - University of Bath\Documents\EE10140 - Microprocessors\MplabProjects\DigitalLock.X\DigitalLockCode.asm
      set_input5_to_three   0x0001b1    program     static C:\Users\cp2150\OneDrive - University of Bath\Documents\EE10140 - Microprocessors\MplabProjects\DigitalLock.X\DigitalLockCode.asm
        set_input5_to_two   0x000188    program     static C:\Users\cp2150\OneDrive - University of Bath\Documents\EE10140 - Microprocessors\MplabProjects\DigitalLock.X\DigitalLockCode.asm
       set_input5_to_zero   0x000301    program     static C:\Users\cp2150\OneDrive - University of Bath\Documents\EE10140 - Microprocessors\MplabProjects\DigitalLock.X\DigitalLockCode.asm
               set_locked   0x000339    program     static C:\Users\cp2150\OneDrive - University of Bath\Documents\EE10140 - Microprocessors\MplabProjects\DigitalLock.X\DigitalLockCode.asm
         set_new_usercode   0x000046    program     static C:\Users\cp2150\OneDrive - University of Bath\Documents\EE10140 - Microprocessors\MplabProjects\DigitalLock.X\DigitalLockCode.asm
    set_new_usercode_loop   0x000050    program     static C:\Users\cp2150\OneDrive - University of Bath\Documents\EE10140 - Microprocessors\MplabProjects\DigitalLock.X\DigitalLockCode.asm
                 set_nine   0x000285    program     static C:\Users\cp2150\OneDrive - University of Bath\Documents\EE10140 - Microprocessors\MplabProjects\DigitalLock.X\DigitalLockCode.asm
                  set_one   0x00013d    program     static C:\Users\cp2150\OneDrive - University of Bath\Documents\EE10140 - Microprocessors\MplabProjects\DigitalLock.X\DigitalLockCode.asm
                set_seven   0x000233    program     static C:\Users\cp2150\OneDrive - University of Bath\Documents\EE10140 - Microprocessors\MplabProjects\DigitalLock.X\DigitalLockCode.asm
                  set_six   0x00020a    program     static C:\Users\cp2150\OneDrive - University of Bath\Documents\EE10140 - Microprocessors\MplabProjects\DigitalLock.X\DigitalLockCode.asm
                 set_star   0x0002ae    program     static C:\Users\cp2150\OneDrive - University of Bath\Documents\EE10140 - Microprocessors\MplabProjects\DigitalLock.X\DigitalLockCode.asm
                set_state   0x000059    program     static C:\Users\cp2150\OneDrive - University of Bath\Documents\EE10140 - Microprocessors\MplabProjects\DigitalLock.X\DigitalLockCode.asm
                set_three   0x00018f    program     static C:\Users\cp2150\OneDrive - University of Bath\Documents\EE10140 - Microprocessors\MplabProjects\DigitalLock.X\DigitalLockCode.asm
                  set_two   0x000166    program     static C:\Users\cp2150\OneDrive - University of Bath\Documents\EE10140 - Microprocessors\MplabProjects\DigitalLock.X\DigitalLockCode.asm
                 set_zero   0x0002df    program     static C:\Users\cp2150\OneDrive - University of Bath\Documents\EE10140 - Microprocessors\MplabProjects\DigitalLock.X\DigitalLockCode.asm
              short_delay   0x000096    program     static C:\Users\cp2150\OneDrive - University of Bath\Documents\EE10140 - Microprocessors\MplabProjects\DigitalLock.X\DigitalLockCode.asm
                    song1   0x00008f    program     static C:\Users\cp2150\OneDrive - University of Bath\Documents\EE10140 - Microprocessors\MplabProjects\DigitalLock.X\DigitalLockCode.asm
                    song2   0x00008c    program     static C:\Users\cp2150\OneDrive - University of Bath\Documents\EE10140 - Microprocessors\MplabProjects\DigitalLock.X\DigitalLockCode.asm
                    start   0x00001b    program     static C:\Users\cp2150\OneDrive - University of Bath\Documents\EE10140 - Microprocessors\MplabProjects\DigitalLock.X\DigitalLockCode.asm
               start_loop   0x000025    program     static C:\Users\cp2150\OneDrive - University of Bath\Documents\EE10140 - Microprocessors\MplabProjects\DigitalLock.X\DigitalLockCode.asm
 store_usercode_in_eeprom   0x0000f0    program     static C:\Users\cp2150\OneDrive - University of Bath\Documents\EE10140 - Microprocessors\MplabProjects\DigitalLock.X\DigitalLockCode.asm
                     tone   0x0000d1    program     static C:\Users\cp2150\OneDrive - University of Bath\Documents\EE10140 - Microprocessors\MplabProjects\DigitalLock.X\DigitalLockCode.asm
                tone_loop   0x0000d5    program     static C:\Users\cp2150\OneDrive - University of Bath\Documents\EE10140 - Microprocessors\MplabProjects\DigitalLock.X\DigitalLockCode.asm
                 unlocked   0x000030    program     static C:\Users\cp2150\OneDrive - University of Bath\Documents\EE10140 - Microprocessors\MplabProjects\DigitalLock.X\DigitalLockCode.asm
            unlocked_loop   0x000032    program     static C:\Users\cp2150\OneDrive - University of Bath\Documents\EE10140 - Microprocessors\MplabProjects\DigitalLock.X\DigitalLockCode.asm
              use_speaker   0x00007e    program     static C:\Users\cp2150\OneDrive - University of Bath\Documents\EE10140 - Microprocessors\MplabProjects\DigitalLock.X\DigitalLockCode.asm
        validate_usercode   0x0003a2    program     static C:\Users\cp2150\OneDrive - University of Bath\Documents\EE10140 - Microprocessors\MplabProjects\DigitalLock.X\DigitalLockCode.asm
              wait_eeprom   0x000379    program     static C:\Users\cp2150\OneDrive - University of Bath\Documents\EE10140 - Microprocessors\MplabProjects\DigitalLock.X\DigitalLockCode.asm
             write_eeprom   0x00010a    program     static C:\Users\cp2150\OneDrive - University of Bath\Documents\EE10140 - Microprocessors\MplabProjects\DigitalLock.X\DigitalLockCode.asm



                              Symbols - Sorted by Address
                     Name    Address   Location    Storage File                     
                ---------  ---------  ---------  --------- ---------                
                    start   0x00001b    program     static C:\Users\cp2150\OneDrive - University of Bath\Documents\EE10140 - Microprocessors\MplabProjects\DigitalLock.X\DigitalLockCode.asm
               start_loop   0x000025    program     static C:\Users\cp2150\OneDrive - University of Bath\Documents\EE10140 - Microprocessors\MplabProjects\DigitalLock.X\DigitalLockCode.asm
                 unlocked   0x000030    program     static C:\Users\cp2150\OneDrive - University of Bath\Documents\EE10140 - Microprocessors\MplabProjects\DigitalLock.X\DigitalLockCode.asm
            unlocked_loop   0x000032    program     static C:\Users\cp2150\OneDrive - University of Bath\Documents\EE10140 - Microprocessors\MplabProjects\DigitalLock.X\DigitalLockCode.asm
         set_new_usercode   0x000046    program     static C:\Users\cp2150\OneDrive - University of Bath\Documents\EE10140 - Microprocessors\MplabProjects\DigitalLock.X\DigitalLockCode.asm
    set_new_usercode_loop   0x000050    program     static C:\Users\cp2150\OneDrive - University of Bath\Documents\EE10140 - Microprocessors\MplabProjects\DigitalLock.X\DigitalLockCode.asm
                set_state   0x000059    program     static C:\Users\cp2150\OneDrive - University of Bath\Documents\EE10140 - Microprocessors\MplabProjects\DigitalLock.X\DigitalLockCode.asm
                not_state   0x000066    program     static C:\Users\cp2150\OneDrive - University of Bath\Documents\EE10140 - Microprocessors\MplabProjects\DigitalLock.X\DigitalLockCode.asm
               locked_out   0x000073    program     static C:\Users\cp2150\OneDrive - University of Bath\Documents\EE10140 - Microprocessors\MplabProjects\DigitalLock.X\DigitalLockCode.asm
              display_led   0x000078    program     static C:\Users\cp2150\OneDrive - University of Bath\Documents\EE10140 - Microprocessors\MplabProjects\DigitalLock.X\DigitalLockCode.asm
              use_speaker   0x00007e    program     static C:\Users\cp2150\OneDrive - University of Bath\Documents\EE10140 - Microprocessors\MplabProjects\DigitalLock.X\DigitalLockCode.asm
                    song2   0x00008c    program     static C:\Users\cp2150\OneDrive - University of Bath\Documents\EE10140 - Microprocessors\MplabProjects\DigitalLock.X\DigitalLockCode.asm
                    song1   0x00008f    program     static C:\Users\cp2150\OneDrive - University of Bath\Documents\EE10140 - Microprocessors\MplabProjects\DigitalLock.X\DigitalLockCode.asm
              short_delay   0x000096    program     static C:\Users\cp2150\OneDrive - University of Bath\Documents\EE10140 - Microprocessors\MplabProjects\DigitalLock.X\DigitalLockCode.asm
            delay_pitch_A   0x00009b    program     static C:\Users\cp2150\OneDrive - University of Bath\Documents\EE10140 - Microprocessors\MplabProjects\DigitalLock.X\DigitalLockCode.asm
            delay_pitch_B   0x0000a0    program     static C:\Users\cp2150\OneDrive - University of Bath\Documents\EE10140 - Microprocessors\MplabProjects\DigitalLock.X\DigitalLockCode.asm
            delay_pitch_C   0x0000a5    program     static C:\Users\cp2150\OneDrive - University of Bath\Documents\EE10140 - Microprocessors\MplabProjects\DigitalLock.X\DigitalLockCode.asm
            delay_pitch_D   0x0000aa    program     static C:\Users\cp2150\OneDrive - University of Bath\Documents\EE10140 - Microprocessors\MplabProjects\DigitalLock.X\DigitalLockCode.asm
               delay_loop   0x0000af    program     static C:\Users\cp2150\OneDrive - University of Bath\Documents\EE10140 - Microprocessors\MplabProjects\DigitalLock.X\DigitalLockCode.asm
              delay_250ms   0x0000b4    program     static C:\Users\cp2150\OneDrive - University of Bath\Documents\EE10140 - Microprocessors\MplabProjects\DigitalLock.X\DigitalLockCode.asm
         delay_250ms_loop   0x0000ba    program     static C:\Users\cp2150\OneDrive - University of Bath\Documents\EE10140 - Microprocessors\MplabProjects\DigitalLock.X\DigitalLockCode.asm
                 delay_1s   0x0000c1    program     static C:\Users\cp2150\OneDrive - University of Bath\Documents\EE10140 - Microprocessors\MplabProjects\DigitalLock.X\DigitalLockCode.asm
                 delay_5s   0x0000c6    program     static C:\Users\cp2150\OneDrive - University of Bath\Documents\EE10140 - Microprocessors\MplabProjects\DigitalLock.X\DigitalLockCode.asm
                delay_20s   0x0000cc    program     static C:\Users\cp2150\OneDrive - University of Bath\Documents\EE10140 - Microprocessors\MplabProjects\DigitalLock.X\DigitalLockCode.asm
                     tone   0x0000d1    program     static C:\Users\cp2150\OneDrive - University of Bath\Documents\EE10140 - Microprocessors\MplabProjects\DigitalLock.X\DigitalLockCode.asm
                tone_loop   0x0000d5    program     static C:\Users\cp2150\OneDrive - University of Bath\Documents\EE10140 - Microprocessors\MplabProjects\DigitalLock.X\DigitalLockCode.asm
 check_usercode_in_eeprom   0x0000e4    program     static C:\Users\cp2150\OneDrive - University of Bath\Documents\EE10140 - Microprocessors\MplabProjects\DigitalLock.X\DigitalLockCode.asm
 store_usercode_in_eeprom   0x0000f0    program     static C:\Users\cp2150\OneDrive - University of Bath\Documents\EE10140 - Microprocessors\MplabProjects\DigitalLock.X\DigitalLockCode.asm
             write_eeprom   0x00010a    program     static C:\Users\cp2150\OneDrive - University of Bath\Documents\EE10140 - Microprocessors\MplabProjects\DigitalLock.X\DigitalLockCode.asm
             _.org_0_0113   0x000113    program     static C:\Users\cp2150\OneDrive - University of Bath\Documents\EE10140 - Microprocessors\MplabProjects\DigitalLock.X\DigitalLockCode.asm
              check_input   0x000118    program     static C:\Users\cp2150\OneDrive - University of Bath\Documents\EE10140 - Microprocessors\MplabProjects\DigitalLock.X\DigitalLockCode.asm
                  set_one   0x00013d    program     static C:\Users\cp2150\OneDrive - University of Bath\Documents\EE10140 - Microprocessors\MplabProjects\DigitalLock.X\DigitalLockCode.asm
        set_input2_to_one   0x00014a    program     static C:\Users\cp2150\OneDrive - University of Bath\Documents\EE10140 - Microprocessors\MplabProjects\DigitalLock.X\DigitalLockCode.asm
        set_input3_to_one   0x000151    program     static C:\Users\cp2150\OneDrive - University of Bath\Documents\EE10140 - Microprocessors\MplabProjects\DigitalLock.X\DigitalLockCode.asm
        set_input4_to_one   0x000158    program     static C:\Users\cp2150\OneDrive - University of Bath\Documents\EE10140 - Microprocessors\MplabProjects\DigitalLock.X\DigitalLockCode.asm
        set_input5_to_one   0x00015f    program     static C:\Users\cp2150\OneDrive - University of Bath\Documents\EE10140 - Microprocessors\MplabProjects\DigitalLock.X\DigitalLockCode.asm
                  set_two   0x000166    program     static C:\Users\cp2150\OneDrive - University of Bath\Documents\EE10140 - Microprocessors\MplabProjects\DigitalLock.X\DigitalLockCode.asm
        set_input2_to_two   0x000173    program     static C:\Users\cp2150\OneDrive - University of Bath\Documents\EE10140 - Microprocessors\MplabProjects\DigitalLock.X\DigitalLockCode.asm
        set_input3_to_two   0x00017a    program     static C:\Users\cp2150\OneDrive - University of Bath\Documents\EE10140 - Microprocessors\MplabProjects\DigitalLock.X\DigitalLockCode.asm
        set_input4_to_two   0x000181    program     static C:\Users\cp2150\OneDrive - University of Bath\Documents\EE10140 - Microprocessors\MplabProjects\DigitalLock.X\DigitalLockCode.asm
        set_input5_to_two   0x000188    program     static C:\Users\cp2150\OneDrive - University of Bath\Documents\EE10140 - Microprocessors\MplabProjects\DigitalLock.X\DigitalLockCode.asm
                set_three   0x00018f    program     static C:\Users\cp2150\OneDrive - University of Bath\Documents\EE10140 - Microprocessors\MplabProjects\DigitalLock.X\DigitalLockCode.asm
      set_input2_to_three   0x00019c    program     static C:\Users\cp2150\OneDrive - University of Bath\Documents\EE10140 - Microprocessors\MplabProjects\DigitalLock.X\DigitalLockCode.asm
      set_input3_to_three   0x0001a3    program     static C:\Users\cp2150\OneDrive - University of Bath\Documents\EE10140 - Microprocessors\MplabProjects\DigitalLock.X\DigitalLockCode.asm
      set_input4_to_three   0x0001aa    program     static C:\Users\cp2150\OneDrive - University of Bath\Documents\EE10140 - Microprocessors\MplabProjects\DigitalLock.X\DigitalLockCode.asm
      set_input5_to_three   0x0001b1    program     static C:\Users\cp2150\OneDrive - University of Bath\Documents\EE10140 - Microprocessors\MplabProjects\DigitalLock.X\DigitalLockCode.asm
                 set_four   0x0001b8    program     static C:\Users\cp2150\OneDrive - University of Bath\Documents\EE10140 - Microprocessors\MplabProjects\DigitalLock.X\DigitalLockCode.asm
       set_input2_to_four   0x0001c5    program     static C:\Users\cp2150\OneDrive - University of Bath\Documents\EE10140 - Microprocessors\MplabProjects\DigitalLock.X\DigitalLockCode.asm
       set_input3_to_four   0x0001cc    program     static C:\Users\cp2150\OneDrive - University of Bath\Documents\EE10140 - Microprocessors\MplabProjects\DigitalLock.X\DigitalLockCode.asm
       set_input4_to_four   0x0001d3    program     static C:\Users\cp2150\OneDrive - University of Bath\Documents\EE10140 - Microprocessors\MplabProjects\DigitalLock.X\DigitalLockCode.asm
       set_input5_to_four   0x0001da    program     static C:\Users\cp2150\OneDrive - University of Bath\Documents\EE10140 - Microprocessors\MplabProjects\DigitalLock.X\DigitalLockCode.asm
                 set_five   0x0001e1    program     static C:\Users\cp2150\OneDrive - University of Bath\Documents\EE10140 - Microprocessors\MplabProjects\DigitalLock.X\DigitalLockCode.asm
       set_input2_to_five   0x0001ee    program     static C:\Users\cp2150\OneDrive - University of Bath\Documents\EE10140 - Microprocessors\MplabProjects\DigitalLock.X\DigitalLockCode.asm
       set_input3_to_five   0x0001f5    program     static C:\Users\cp2150\OneDrive - University of Bath\Documents\EE10140 - Microprocessors\MplabProjects\DigitalLock.X\DigitalLockCode.asm
       set_input4_to_five   0x0001fc    program     static C:\Users\cp2150\OneDrive - University of Bath\Documents\EE10140 - Microprocessors\MplabProjects\DigitalLock.X\DigitalLockCode.asm
       set_input5_to_five   0x000203    program     static C:\Users\cp2150\OneDrive - University of Bath\Documents\EE10140 - Microprocessors\MplabProjects\DigitalLock.X\DigitalLockCode.asm
                  set_six   0x00020a    program     static C:\Users\cp2150\OneDrive - University of Bath\Documents\EE10140 - Microprocessors\MplabProjects\DigitalLock.X\DigitalLockCode.asm
        set_input2_to_six   0x000217    program     static C:\Users\cp2150\OneDrive - University of Bath\Documents\EE10140 - Microprocessors\MplabProjects\DigitalLock.X\DigitalLockCode.asm
        set_input3_to_six   0x00021e    program     static C:\Users\cp2150\OneDrive - University of Bath\Documents\EE10140 - Microprocessors\MplabProjects\DigitalLock.X\DigitalLockCode.asm
        set_input4_to_six   0x000225    program     static C:\Users\cp2150\OneDrive - University of Bath\Documents\EE10140 - Microprocessors\MplabProjects\DigitalLock.X\DigitalLockCode.asm
        set_input5_to_six   0x00022c    program     static C:\Users\cp2150\OneDrive - University of Bath\Documents\EE10140 - Microprocessors\MplabProjects\DigitalLock.X\DigitalLockCode.asm
                set_seven   0x000233    program     static C:\Users\cp2150\OneDrive - University of Bath\Documents\EE10140 - Microprocessors\MplabProjects\DigitalLock.X\DigitalLockCode.asm
      set_input2_to_seven   0x000240    program     static C:\Users\cp2150\OneDrive - University of Bath\Documents\EE10140 - Microprocessors\MplabProjects\DigitalLock.X\DigitalLockCode.asm
      set_input3_to_seven   0x000247    program     static C:\Users\cp2150\OneDrive - University of Bath\Documents\EE10140 - Microprocessors\MplabProjects\DigitalLock.X\DigitalLockCode.asm
      set_input4_to_seven   0x00024e    program     static C:\Users\cp2150\OneDrive - University of Bath\Documents\EE10140 - Microprocessors\MplabProjects\DigitalLock.X\DigitalLockCode.asm
      set_input5_to_seven   0x000255    program     static C:\Users\cp2150\OneDrive - University of Bath\Documents\EE10140 - Microprocessors\MplabProjects\DigitalLock.X\DigitalLockCode.asm
                set_eight   0x00025c    program     static C:\Users\cp2150\OneDrive - University of Bath\Documents\EE10140 - Microprocessors\MplabProjects\DigitalLock.X\DigitalLockCode.asm
      set_input2_to_eight   0x000269    program     static C:\Users\cp2150\OneDrive - University of Bath\Documents\EE10140 - Microprocessors\MplabProjects\DigitalLock.X\DigitalLockCode.asm
      set_input3_to_eight   0x000270    program     static C:\Users\cp2150\OneDrive - University of Bath\Documents\EE10140 - Microprocessors\MplabProjects\DigitalLock.X\DigitalLockCode.asm
      set_input4_to_eight   0x000277    program     static C:\Users\cp2150\OneDrive - University of Bath\Documents\EE10140 - Microprocessors\MplabProjects\DigitalLock.X\DigitalLockCode.asm
      set_input5_to_eight   0x00027e    program     static C:\Users\cp2150\OneDrive - University of Bath\Documents\EE10140 - Microprocessors\MplabProjects\DigitalLock.X\DigitalLockCode.asm
                 set_nine   0x000285    program     static C:\Users\cp2150\OneDrive - University of Bath\Documents\EE10140 - Microprocessors\MplabProjects\DigitalLock.X\DigitalLockCode.asm
       set_input2_to_nine   0x000292    program     static C:\Users\cp2150\OneDrive - University of Bath\Documents\EE10140 - Microprocessors\MplabProjects\DigitalLock.X\DigitalLockCode.asm
       set_input3_to_nine   0x000299    program     static C:\Users\cp2150\OneDrive - University of Bath\Documents\EE10140 - Microprocessors\MplabProjects\DigitalLock.X\DigitalLockCode.asm
       set_input4_to_nine   0x0002a0    program     static C:\Users\cp2150\OneDrive - University of Bath\Documents\EE10140 - Microprocessors\MplabProjects\DigitalLock.X\DigitalLockCode.asm
       set_input5_to_nine   0x0002a7    program     static C:\Users\cp2150\OneDrive - University of Bath\Documents\EE10140 - Microprocessors\MplabProjects\DigitalLock.X\DigitalLockCode.asm
                 set_star   0x0002ae    program     static C:\Users\cp2150\OneDrive - University of Bath\Documents\EE10140 - Microprocessors\MplabProjects\DigitalLock.X\DigitalLockCode.asm
       set_input2_to_star   0x0002bc    program     static C:\Users\cp2150\OneDrive - University of Bath\Documents\EE10140 - Microprocessors\MplabProjects\DigitalLock.X\DigitalLockCode.asm
       set_input3_to_star   0x0002c3    program     static C:\Users\cp2150\OneDrive - University of Bath\Documents\EE10140 - Microprocessors\MplabProjects\DigitalLock.X\DigitalLockCode.asm
       set_input4_to_star   0x0002ca    program     static C:\Users\cp2150\OneDrive - University of Bath\Documents\EE10140 - Microprocessors\MplabProjects\DigitalLock.X\DigitalLockCode.asm
       set_input5_to_star   0x0002d1    program     static C:\Users\cp2150\OneDrive - University of Bath\Documents\EE10140 - Microprocessors\MplabProjects\DigitalLock.X\DigitalLockCode.asm
       set_input1_to_star   0x0002d8    program     static C:\Users\cp2150\OneDrive - University of Bath\Documents\EE10140 - Microprocessors\MplabProjects\DigitalLock.X\DigitalLockCode.asm
                 set_zero   0x0002df    program     static C:\Users\cp2150\OneDrive - University of Bath\Documents\EE10140 - Microprocessors\MplabProjects\DigitalLock.X\DigitalLockCode.asm
       set_input2_to_zero   0x0002ec    program     static C:\Users\cp2150\OneDrive - University of Bath\Documents\EE10140 - Microprocessors\MplabProjects\DigitalLock.X\DigitalLockCode.asm
       set_input3_to_zero   0x0002f3    program     static C:\Users\cp2150\OneDrive - University of Bath\Documents\EE10140 - Microprocessors\MplabProjects\DigitalLock.X\DigitalLockCode.asm
       set_input4_to_zero   0x0002fa    program     static C:\Users\cp2150\OneDrive - University of Bath\Documents\EE10140 - Microprocessors\MplabProjects\DigitalLock.X\DigitalLockCode.asm
       set_input5_to_zero   0x000301    program     static C:\Users\cp2150\OneDrive - University of Bath\Documents\EE10140 - Microprocessors\MplabProjects\DigitalLock.X\DigitalLockCode.asm
                 set_hash   0x000308    program     static C:\Users\cp2150\OneDrive - University of Bath\Documents\EE10140 - Microprocessors\MplabProjects\DigitalLock.X\DigitalLockCode.asm
       set_input2_to_hash   0x000316    program     static C:\Users\cp2150\OneDrive - University of Bath\Documents\EE10140 - Microprocessors\MplabProjects\DigitalLock.X\DigitalLockCode.asm
       set_input3_to_hash   0x00031d    program     static C:\Users\cp2150\OneDrive - University of Bath\Documents\EE10140 - Microprocessors\MplabProjects\DigitalLock.X\DigitalLockCode.asm
       set_input4_to_hash   0x000324    program     static C:\Users\cp2150\OneDrive - University of Bath\Documents\EE10140 - Microprocessors\MplabProjects\DigitalLock.X\DigitalLockCode.asm
       set_input5_to_hash   0x00032b    program     static C:\Users\cp2150\OneDrive - University of Bath\Documents\EE10140 - Microprocessors\MplabProjects\DigitalLock.X\DigitalLockCode.asm
       set_input1_to_hash   0x000332    program     static C:\Users\cp2150\OneDrive - University of Bath\Documents\EE10140 - Microprocessors\MplabProjects\DigitalLock.X\DigitalLockCode.asm
               set_locked   0x000339    program     static C:\Users\cp2150\OneDrive - University of Bath\Documents\EE10140 - Microprocessors\MplabProjects\DigitalLock.X\DigitalLockCode.asm
             check_unlock   0x00033c    program     static C:\Users\cp2150\OneDrive - University of Bath\Documents\EE10140 - Microprocessors\MplabProjects\DigitalLock.X\DigitalLockCode.asm
              wait_eeprom   0x000379    program     static C:\Users\cp2150\OneDrive - University of Bath\Documents\EE10140 - Microprocessors\MplabProjects\DigitalLock.X\DigitalLockCode.asm
             _.org_0_037A   0x00037a    program     static C:\Users\cp2150\OneDrive - University of Bath\Documents\EE10140 - Microprocessors\MplabProjects\DigitalLock.X\DigitalLockCode.asm
         check_mastercode   0x00037c    program     static C:\Users\cp2150\OneDrive - University of Bath\Documents\EE10140 - Microprocessors\MplabProjects\DigitalLock.X\DigitalLockCode.asm
             reset_inputs   0x000395    program     static C:\Users\cp2150\OneDrive - University of Bath\Documents\EE10140 - Microprocessors\MplabProjects\DigitalLock.X\DigitalLockCode.asm
        validate_usercode   0x0003a2    program     static C:\Users\cp2150\OneDrive - University of Bath\Documents\EE10140 - Microprocessors\MplabProjects\DigitalLock.X\DigitalLockCode.asm
           compare_inputs   0x0003b5    program     static C:\Users\cp2150\OneDrive - University of Bath\Documents\EE10140 - Microprocessors\MplabProjects\DigitalLock.X\DigitalLockCode.asm
            failed_to_set   0x0003cd    program     static C:\Users\cp2150\OneDrive - University of Bath\Documents\EE10140 - Microprocessors\MplabProjects\DigitalLock.X\DigitalLockCode.asm


